{
  "ok": false,
  "url": "https://www.apple.com/mac-studio/specs/",
  "provider": "",
  "content": "",
  "error_type": "quality_error",
  "error": "low-quality challenge page detected: title: just a moment",
  "provider_attempts": [
    {
      "capability": "web_fetch",
      "provider": "jina",
      "status": "error",
      "error_type": "quality_error",
      "error": "low-quality challenge page detected: title: just a moment",
      "elapsed_ms": 27.77,
      "result_count": 0
    },
    {
      "capability": "web_fetch",
      "provider": "firecrawl",
      "status": "empty",
      "error_type": "",
      "error": "",
      "elapsed_ms": 0.18,
      "result_count": 0
    }
  ],
  "fallback_used": true,
  "elapsed_ms": 28.11
}
